// Vitest Snapshot v1, https://vitest.dev/guide/snapshot.html

exports[`configDefaultMap > should be an object 1`] = `
{
  "application": {
    "test": {
      "allowOnly": true,
      "api": false,
      "clearMocks": false,
      "coverage": {
        "clean": true,
        "cleanOnRerun": true,
        "enabled": false,
        "exclude": [
          "coverage/**",
          "dist/**",
          "packages/*/test?(s)/**",
          "**/*.d.ts",
          "cypress/**",
          "test?(s)/**",
          "test?(-*).?(c|m)[jt]s?(x)",
          "**/*{.,-}{test,spec}.?(c|m)[jt]s?(x)",
          "**/__tests__/**",
          "**/{karma,rollup,webpack,vite,vitest,jest,ava,babel,nyc,cypress,tsup,build}.config.*",
          "**/.{eslint,mocha,prettier}rc.{?(c|m)js,yml}",
        ],
        "extension": [
          ".js",
          ".cjs",
          ".mjs",
          ".ts",
          ".mts",
          ".cts",
          ".tsx",
          ".jsx",
          ".vue",
          ".svelte",
        ],
        "provider": "v8",
        "reportOnFailure": true,
        "reporter": [
          [
            "text",
            {},
          ],
          [
            "html",
            {},
          ],
          [
            "clover",
            {},
          ],
          [
            "json",
            {},
          ],
        ],
        "reportsDirectory": "./coverage",
      },
      "css": {
        "include": [],
      },
      "dangerouslyIgnoreUnhandledErrors": false,
      "environment": "node",
      "exclude": [
        "**/node_modules/**",
        "**/dist/**",
        "**/cypress/**",
        "**/.{idea,git,cache,output,temp}/**",
        "**/{karma,rollup,webpack,vite,vitest,jest,ava,babel,nyc,cypress,tsup,build}.config.*",
      ],
      "fakeTimers": {
        "loopLimit": 10000,
        "shouldClearNativeTimers": true,
        "toFake": [
          "setTimeout",
          "clearTimeout",
          "setInterval",
          "clearInterval",
          "setImmediate",
          "clearImmediate",
          "Date",
        ],
      },
      "forceRerunTriggers": [
        "**/package.json/**",
        "**/{vitest,vite}.config.*/**",
      ],
      "globals": false,
      "hideSkippedTests": false,
      "hookTimeout": 10000,
      "include": [
        "**/__tests__/**/*.?(c|m)[jt]s?(x)",
        "**/?(*.){test,spec}.?(c|m)[jt]s?(x)",
      ],
      "isolate": true,
      "maxConcurrency": 5,
      "mockReset": false,
      "open": true,
      "reporters": [],
      "restoreMocks": false,
      "silent": false,
      "slowTestThreshold": 300,
      "teardownTimeout": 10000,
      "testTimeout": 5000,
      "threads": true,
      "typecheck": {
        "checker": "tsc",
        "exclude": [
          "**/node_modules/**",
          "**/dist/**",
          "**/cypress/**",
          "**/.{idea,git,cache,output,temp}/**",
          "**/{karma,rollup,webpack,vite,vitest,jest,ava,babel,nyc,cypress,tsup,build}.config.*",
        ],
        "include": [
          "**/?(*.){test,spec}-d.?(c|m)[jt]s?(x)",
        ],
      },
      "ui": false,
      "uiBase": "/__vitest__/",
      "update": false,
      "watch": true,
      "watchExclude": [
        "**/node_modules/**",
        "**/dist/**",
      ],
    },
  },
  "library": {
    "test": {
      "allowOnly": true,
      "api": false,
      "clearMocks": false,
      "coverage": {
        "clean": true,
        "cleanOnRerun": true,
        "enabled": false,
        "exclude": [
          "coverage/**",
          "dist/**",
          "packages/*/test?(s)/**",
          "**/*.d.ts",
          "cypress/**",
          "test?(s)/**",
          "test?(-*).?(c|m)[jt]s?(x)",
          "**/*{.,-}{test,spec}.?(c|m)[jt]s?(x)",
          "**/__tests__/**",
          "**/{karma,rollup,webpack,vite,vitest,jest,ava,babel,nyc,cypress,tsup,build}.config.*",
          "**/.{eslint,mocha,prettier}rc.{?(c|m)js,yml}",
        ],
        "extension": [
          ".js",
          ".cjs",
          ".mjs",
          ".ts",
          ".mts",
          ".cts",
          ".tsx",
          ".jsx",
          ".vue",
          ".svelte",
        ],
        "provider": "v8",
        "reportOnFailure": true,
        "reporter": [
          [
            "text",
            {},
          ],
          [
            "html",
            {},
          ],
          [
            "clover",
            {},
          ],
          [
            "json",
            {},
          ],
        ],
        "reportsDirectory": "./coverage",
      },
      "css": {
        "include": [],
      },
      "dangerouslyIgnoreUnhandledErrors": false,
      "environment": "node",
      "exclude": [
        "**/node_modules/**",
        "**/dist/**",
        "**/cypress/**",
        "**/.{idea,git,cache,output,temp}/**",
        "**/{karma,rollup,webpack,vite,vitest,jest,ava,babel,nyc,cypress,tsup,build}.config.*",
      ],
      "fakeTimers": {
        "loopLimit": 10000,
        "shouldClearNativeTimers": true,
        "toFake": [
          "setTimeout",
          "clearTimeout",
          "setInterval",
          "clearInterval",
          "setImmediate",
          "clearImmediate",
          "Date",
        ],
      },
      "forceRerunTriggers": [
        "**/package.json/**",
        "**/{vitest,vite}.config.*/**",
      ],
      "globals": false,
      "hideSkippedTests": false,
      "hookTimeout": 10000,
      "include": [
        "**/__tests__/**/*.?(c|m)[jt]s?(x)",
        "**/?(*.){test,spec}.?(c|m)[jt]s?(x)",
      ],
      "isolate": true,
      "maxConcurrency": 5,
      "mockReset": false,
      "open": true,
      "reporters": [],
      "restoreMocks": false,
      "silent": false,
      "slowTestThreshold": 300,
      "teardownTimeout": 10000,
      "testTimeout": 5000,
      "threads": true,
      "typecheck": {
        "checker": "tsc",
        "exclude": [
          "**/node_modules/**",
          "**/dist/**",
          "**/cypress/**",
          "**/.{idea,git,cache,output,temp}/**",
          "**/{karma,rollup,webpack,vite,vitest,jest,ava,babel,nyc,cypress,tsup,build}.config.*",
        ],
        "include": [
          "**/?(*.){test,spec}-d.?(c|m)[jt]s?(x)",
        ],
      },
      "ui": false,
      "uiBase": "/__vitest__/",
      "update": false,
      "watch": true,
      "watchExclude": [
        "**/node_modules/**",
        "**/dist/**",
      ],
    },
  },
}
`;
