// Vitest Snapshot v1, https://vitest.dev/guide/snapshot.html

exports[`gitRawCommitOpts > should be {format} 1`] = `
{
  "format": "%B%n-hash-%n%H%n-gitTags-%n%d%n-committerDate-%n%ci%n-authorName-%n%an%n-authorEmail-%n%ae",
}
`;
