// Vitest Snapshot v1, https://vitest.dev/guide/snapshot.html

exports[`defaultDisplayTypes > should be {format} 1`] = `
[
  "feat",
  "fix",
  "perf",
  "revert",
]
`;
